Archive member included to satisfy reference by file (symbol)

/usr/lib/gcc/arm-none-eabi/4.9.3/../../../arm-none-eabi/lib/armv7e-m/libg.a(lib_a-atexit.o)
                              /usr/lib/gcc/arm-none-eabi/4.9.3/../../../arm-none-eabi/lib/armv7e-m/crt0.o (atexit)
/usr/lib/gcc/arm-none-eabi/4.9.3/../../../arm-none-eabi/lib/armv7e-m/libg.a(lib_a-exit.o)
                              /usr/lib/gcc/arm-none-eabi/4.9.3/../../../arm-none-eabi/lib/armv7e-m/crt0.o (exit)
/usr/lib/gcc/arm-none-eabi/4.9.3/../../../arm-none-eabi/lib/armv7e-m/libg.a(lib_a-fini.o)
                              /usr/lib/gcc/arm-none-eabi/4.9.3/../../../arm-none-eabi/lib/armv7e-m/crt0.o (__libc_fini_array)
/usr/lib/gcc/arm-none-eabi/4.9.3/../../../arm-none-eabi/lib/armv7e-m/libg.a(lib_a-impure.o)
                              /usr/lib/gcc/arm-none-eabi/4.9.3/../../../arm-none-eabi/lib/armv7e-m/libg.a(lib_a-exit.o) (_global_impure_ptr)
/usr/lib/gcc/arm-none-eabi/4.9.3/../../../arm-none-eabi/lib/armv7e-m/libg.a(lib_a-init.o)
                              /usr/lib/gcc/arm-none-eabi/4.9.3/../../../arm-none-eabi/lib/armv7e-m/crt0.o (__libc_init_array)
/usr/lib/gcc/arm-none-eabi/4.9.3/../../../arm-none-eabi/lib/armv7e-m/libg.a(lib_a-malloc.o)
                              /tmp/ccGZUExB.o (malloc)
/usr/lib/gcc/arm-none-eabi/4.9.3/../../../arm-none-eabi/lib/armv7e-m/libg.a(lib_a-mallocr.o)
                              /usr/lib/gcc/arm-none-eabi/4.9.3/../../../arm-none-eabi/lib/armv7e-m/libg.a(lib_a-malloc.o) (_malloc_r)
/usr/lib/gcc/arm-none-eabi/4.9.3/../../../arm-none-eabi/lib/armv7e-m/libg.a(lib_a-memset.o)
                              /usr/lib/gcc/arm-none-eabi/4.9.3/../../../arm-none-eabi/lib/armv7e-m/crt0.o (memset)
/usr/lib/gcc/arm-none-eabi/4.9.3/../../../arm-none-eabi/lib/armv7e-m/libg.a(lib_a-mlock.o)
                              /usr/lib/gcc/arm-none-eabi/4.9.3/../../../arm-none-eabi/lib/armv7e-m/libg.a(lib_a-mallocr.o) (__malloc_lock)
/usr/lib/gcc/arm-none-eabi/4.9.3/../../../arm-none-eabi/lib/armv7e-m/libg.a(lib_a-sbrkr.o)
                              /usr/lib/gcc/arm-none-eabi/4.9.3/../../../arm-none-eabi/lib/armv7e-m/libg.a(lib_a-mallocr.o) (_sbrk_r)
/usr/lib/gcc/arm-none-eabi/4.9.3/../../../arm-none-eabi/lib/armv7e-m/libg.a(lib_a-__atexit.o)
                              /usr/lib/gcc/arm-none-eabi/4.9.3/../../../arm-none-eabi/lib/armv7e-m/libg.a(lib_a-atexit.o) (__register_exitproc)
/usr/lib/gcc/arm-none-eabi/4.9.3/../../../arm-none-eabi/lib/armv7e-m/libg.a(lib_a-__call_atexit.o)
                              /usr/lib/gcc/arm-none-eabi/4.9.3/../../../arm-none-eabi/lib/armv7e-m/libg.a(lib_a-exit.o) (__call_exitprocs)
/usr/lib/gcc/arm-none-eabi/4.9.3/../../../arm-none-eabi/lib/armv7e-m/libg.a(lib_a-freer.o)
                              /usr/lib/gcc/arm-none-eabi/4.9.3/../../../arm-none-eabi/lib/armv7e-m/libg.a(lib_a-malloc.o) (_free_r)
/usr/lib/gcc/arm-none-eabi/4.9.3/../../../arm-none-eabi/lib/armv7e-m/libg.a(lib_a-reent.o)
                              /usr/lib/gcc/arm-none-eabi/4.9.3/../../../arm-none-eabi/lib/armv7e-m/libg.a(lib_a-sbrkr.o) (errno)
/usr/lib/gcc/arm-none-eabi/4.9.3/../../../arm-none-eabi/lib/armv7e-m/libnosys.a(sbrk.o)
                              /usr/lib/gcc/arm-none-eabi/4.9.3/../../../arm-none-eabi/lib/armv7e-m/libg.a(lib_a-sbrkr.o) (_sbrk)
/usr/lib/gcc/arm-none-eabi/4.9.3/../../../arm-none-eabi/lib/armv7e-m/libnosys.a(_exit.o)
                              /usr/lib/gcc/arm-none-eabi/4.9.3/../../../arm-none-eabi/lib/armv7e-m/libg.a(lib_a-exit.o) (_exit)

Allocating common symbols
Common symbol       size              file

errno               0x4               /usr/lib/gcc/arm-none-eabi/4.9.3/../../../arm-none-eabi/lib/armv7e-m/libg.a(lib_a-reent.o)

Memory Configuration

Name             Origin             Length             Attributes
MAIN_FLASH       0x0000000000000000 0x0000000000040000 xr
INFO_FLASH       0x0000000000200000 0x0000000000004000 xr
SRAM_CODE        0x0000000001000000 0x0000000000010000 xrw
SRAM_DATA        0x0000000020000000 0x0000000000010000 rw
*default*        0x0000000000000000 0xffffffffffffffff

Linker script and memory map

LOAD /usr/lib/gcc/arm-none-eabi/4.9.3/armv7e-m/crti.o
LOAD /usr/lib/gcc/arm-none-eabi/4.9.3/armv7e-m/crtbegin.o
LOAD /usr/lib/gcc/arm-none-eabi/4.9.3/../../../arm-none-eabi/lib/armv7e-m/crt0.o
LOAD /tmp/ccGZUExB.o
LOAD /tmp/ccqPkLA1.o
START GROUP
LOAD /usr/lib/gcc/arm-none-eabi/4.9.3/armv7e-m/libgcc.a
LOAD /usr/lib/gcc/arm-none-eabi/4.9.3/../../../arm-none-eabi/lib/armv7e-m/libg.a
LOAD /usr/lib/gcc/arm-none-eabi/4.9.3/../../../arm-none-eabi/lib/armv7e-m/libc.a
END GROUP
START GROUP
LOAD /usr/lib/gcc/arm-none-eabi/4.9.3/armv7e-m/libgcc.a
LOAD /usr/lib/gcc/arm-none-eabi/4.9.3/../../../arm-none-eabi/lib/armv7e-m/libc.a
LOAD /usr/lib/gcc/arm-none-eabi/4.9.3/../../../arm-none-eabi/lib/armv7e-m/libnosys.a
END GROUP
LOAD /usr/lib/gcc/arm-none-eabi/4.9.3/armv7e-m/crtend.o
LOAD /usr/lib/gcc/arm-none-eabi/4.9.3/armv7e-m/crtn.o
                0x0000000000000000                PROVIDE (_intvecs_base_address, DEFINED (_intvecs_base_address)?_intvecs_base_address:0x0)

.intvecs
 *(.intvecs)
                0x0000000000200000                PROVIDE (_mailbox_base_address, 0x200000)

.flashMailbox
 *(.flashMailbox)
                0x0000000000201000                PROVIDE (_tlv_base_address, 0x201000)

.tlvTable
 *(.tlvTable)
                0x0000000000202000                PROVIDE (_bsl_base_address, 0x202000)

.bslArea
 *(.bslArea)
                0x0000000020000000                PROVIDE (_vtable_base_address, DEFINED (_vtable_base_address)?_vtable_base_address:0x20000000)

.vtable
 *(.vtable)

.text           0x0000000000000000      0xd4c
 CREATE_OBJECT_SYMBOLS
 *(.text)
 .text          0x0000000000000000        0x0 /usr/lib/gcc/arm-none-eabi/4.9.3/armv7e-m/crti.o
 .text          0x0000000000000000       0xa4 /usr/lib/gcc/arm-none-eabi/4.9.3/armv7e-m/crtbegin.o
 .text          0x00000000000000a4       0x68 /usr/lib/gcc/arm-none-eabi/4.9.3/../../../arm-none-eabi/lib/armv7e-m/crt0.o
                0x00000000000000a4                _mainCRTStartup
                0x00000000000000a4                _start
 .text          0x000000000000010c       0x58 /tmp/ccGZUExB.o
                0x000000000000010c                main
 .text          0x0000000000000164       0x74 /tmp/ccqPkLA1.o
                0x0000000000000164                func
 .text          0x00000000000001d8        0x0 /usr/lib/gcc/arm-none-eabi/4.9.3/../../../arm-none-eabi/lib/armv7e-m/libg.a(lib_a-atexit.o)
 .text          0x00000000000001d8        0x0 /usr/lib/gcc/arm-none-eabi/4.9.3/../../../arm-none-eabi/lib/armv7e-m/libg.a(lib_a-exit.o)
 .text          0x00000000000001d8        0x0 /usr/lib/gcc/arm-none-eabi/4.9.3/../../../arm-none-eabi/lib/armv7e-m/libg.a(lib_a-fini.o)
 .text          0x00000000000001d8        0x0 /usr/lib/gcc/arm-none-eabi/4.9.3/../../../arm-none-eabi/lib/armv7e-m/libg.a(lib_a-impure.o)
 .text          0x00000000000001d8        0x0 /usr/lib/gcc/arm-none-eabi/4.9.3/../../../arm-none-eabi/lib/armv7e-m/libg.a(lib_a-init.o)
 .text          0x00000000000001d8        0x0 /usr/lib/gcc/arm-none-eabi/4.9.3/../../../arm-none-eabi/lib/armv7e-m/libg.a(lib_a-malloc.o)
 .text          0x00000000000001d8        0x0 /usr/lib/gcc/arm-none-eabi/4.9.3/../../../arm-none-eabi/lib/armv7e-m/libg.a(lib_a-mallocr.o)
 .text          0x00000000000001d8        0x0 /usr/lib/gcc/arm-none-eabi/4.9.3/../../../arm-none-eabi/lib/armv7e-m/libg.a(lib_a-memset.o)
 .text          0x00000000000001d8        0x0 /usr/lib/gcc/arm-none-eabi/4.9.3/../../../arm-none-eabi/lib/armv7e-m/libg.a(lib_a-mlock.o)
 .text          0x00000000000001d8        0x0 /usr/lib/gcc/arm-none-eabi/4.9.3/../../../arm-none-eabi/lib/armv7e-m/libg.a(lib_a-sbrkr.o)
 .text          0x00000000000001d8        0x0 /usr/lib/gcc/arm-none-eabi/4.9.3/../../../arm-none-eabi/lib/armv7e-m/libg.a(lib_a-__atexit.o)
 .text          0x00000000000001d8        0x0 /usr/lib/gcc/arm-none-eabi/4.9.3/../../../arm-none-eabi/lib/armv7e-m/libg.a(lib_a-__call_atexit.o)
 .text          0x00000000000001d8        0x0 /usr/lib/gcc/arm-none-eabi/4.9.3/../../../arm-none-eabi/lib/armv7e-m/libg.a(lib_a-freer.o)
 .text          0x00000000000001d8        0x0 /usr/lib/gcc/arm-none-eabi/4.9.3/../../../arm-none-eabi/lib/armv7e-m/libg.a(lib_a-reent.o)
 .text          0x00000000000001d8        0x0 /usr/lib/gcc/arm-none-eabi/4.9.3/../../../arm-none-eabi/lib/armv7e-m/libnosys.a(sbrk.o)
 .text          0x00000000000001d8        0x0 /usr/lib/gcc/arm-none-eabi/4.9.3/../../../arm-none-eabi/lib/armv7e-m/libnosys.a(_exit.o)
 .text          0x00000000000001d8        0x0 /usr/lib/gcc/arm-none-eabi/4.9.3/armv7e-m/crtend.o
 .text          0x00000000000001d8        0x0 /usr/lib/gcc/arm-none-eabi/4.9.3/armv7e-m/crtn.o
 *(.text.*)
 .text.atexit   0x00000000000001d8        0xc /usr/lib/gcc/arm-none-eabi/4.9.3/../../../arm-none-eabi/lib/armv7e-m/libg.a(lib_a-atexit.o)
                0x00000000000001d8                atexit
 .text.exit     0x00000000000001e4       0x20 /usr/lib/gcc/arm-none-eabi/4.9.3/../../../arm-none-eabi/lib/armv7e-m/libg.a(lib_a-exit.o)
                0x00000000000001e4                exit
 .text.__libc_fini_array
                0x0000000000000204       0x2c /usr/lib/gcc/arm-none-eabi/4.9.3/../../../arm-none-eabi/lib/armv7e-m/libg.a(lib_a-fini.o)
                0x0000000000000204                __libc_fini_array
 .text.__libc_init_array
                0x0000000000000230       0x50 /usr/lib/gcc/arm-none-eabi/4.9.3/../../../arm-none-eabi/lib/armv7e-m/libg.a(lib_a-init.o)
                0x0000000000000230                __libc_init_array
 .text.malloc   0x0000000000000280       0x10 /usr/lib/gcc/arm-none-eabi/4.9.3/../../../arm-none-eabi/lib/armv7e-m/libg.a(lib_a-malloc.o)
                0x0000000000000280                malloc
 .text.free     0x0000000000000290       0x10 /usr/lib/gcc/arm-none-eabi/4.9.3/../../../arm-none-eabi/lib/armv7e-m/libg.a(lib_a-malloc.o)
                0x0000000000000290                free
 .text._malloc_r
                0x00000000000002a0      0x524 /usr/lib/gcc/arm-none-eabi/4.9.3/../../../arm-none-eabi/lib/armv7e-m/libg.a(lib_a-mallocr.o)
                0x00000000000002a0                _malloc_r
 .text.memset   0x00000000000007c4       0x9c /usr/lib/gcc/arm-none-eabi/4.9.3/../../../arm-none-eabi/lib/armv7e-m/libg.a(lib_a-memset.o)
                0x00000000000007c4                memset
 .text.__malloc_lock
                0x0000000000000860        0x4 /usr/lib/gcc/arm-none-eabi/4.9.3/../../../arm-none-eabi/lib/armv7e-m/libg.a(lib_a-mlock.o)
                0x0000000000000860                __malloc_lock
 .text.__malloc_unlock
                0x0000000000000864        0x4 /usr/lib/gcc/arm-none-eabi/4.9.3/../../../arm-none-eabi/lib/armv7e-m/libg.a(lib_a-mlock.o)
                0x0000000000000864                __malloc_unlock
 .text._sbrk_r  0x0000000000000868       0x24 /usr/lib/gcc/arm-none-eabi/4.9.3/../../../arm-none-eabi/lib/armv7e-m/libg.a(lib_a-sbrkr.o)
                0x0000000000000868                _sbrk_r
 .text.__register_exitproc
                0x000000000000088c       0xa4 /usr/lib/gcc/arm-none-eabi/4.9.3/../../../arm-none-eabi/lib/armv7e-m/libg.a(lib_a-__atexit.o)
                0x000000000000088c                __register_exitproc
 .text.startup.register_fini
                0x0000000000000930       0x14 /usr/lib/gcc/arm-none-eabi/4.9.3/../../../arm-none-eabi/lib/armv7e-m/libg.a(lib_a-__call_atexit.o)
 .text.__call_exitprocs
                0x0000000000000944       0xd4 /usr/lib/gcc/arm-none-eabi/4.9.3/../../../arm-none-eabi/lib/armv7e-m/libg.a(lib_a-__call_atexit.o)
                0x0000000000000944                __call_exitprocs
 .text._malloc_trim_r
                0x0000000000000a18       0x9c /usr/lib/gcc/arm-none-eabi/4.9.3/../../../arm-none-eabi/lib/armv7e-m/libg.a(lib_a-freer.o)
                0x0000000000000a18                _malloc_trim_r
 .text._free_r  0x0000000000000ab4      0x1b0 /usr/lib/gcc/arm-none-eabi/4.9.3/../../../arm-none-eabi/lib/armv7e-m/libg.a(lib_a-freer.o)
                0x0000000000000ab4                _free_r
 .text.cleanup_glue
                0x0000000000000c64       0x1c /usr/lib/gcc/arm-none-eabi/4.9.3/../../../arm-none-eabi/lib/armv7e-m/libg.a(lib_a-reent.o)
                0x0000000000000c64                cleanup_glue
 .text._reclaim_reent
                0x0000000000000c80       0x88 /usr/lib/gcc/arm-none-eabi/4.9.3/../../../arm-none-eabi/lib/armv7e-m/libg.a(lib_a-reent.o)
                0x0000000000000c80                _reclaim_reent
 .text._sbrk    0x0000000000000d08       0x1c /usr/lib/gcc/arm-none-eabi/4.9.3/../../../arm-none-eabi/lib/armv7e-m/libnosys.a(sbrk.o)
                0x0000000000000d08                _sbrk
 .text._exit    0x0000000000000d24        0x4 /usr/lib/gcc/arm-none-eabi/4.9.3/../../../arm-none-eabi/lib/armv7e-m/libnosys.a(_exit.o)
                0x0000000000000d24                _exit
                0x0000000000000d28                . = ALIGN (0x4)
 *(.ctors)
                0x0000000000000d28                . = ALIGN (0x4)
 *(.dtors)
                0x0000000000000d28                . = ALIGN (0x4)
                0x0000000000000d28                __init_array_start = .
 *(.init_array*)
 .init_array    0x0000000000000d28        0x4 /usr/lib/gcc/arm-none-eabi/4.9.3/armv7e-m/crtbegin.o
 .init_array.00000
                0x0000000000000d2c        0x4 /usr/lib/gcc/arm-none-eabi/4.9.3/../../../arm-none-eabi/lib/armv7e-m/libg.a(lib_a-__call_atexit.o)
                0x0000000000000d30                __init_array_end = .
 *(.init)
 .init          0x0000000000000d30        0x4 /usr/lib/gcc/arm-none-eabi/4.9.3/armv7e-m/crti.o
                0x0000000000000d30                _init
 .init          0x0000000000000d34        0x8 /usr/lib/gcc/arm-none-eabi/4.9.3/armv7e-m/crtn.o
 *(.fini*)
 .fini          0x0000000000000d3c        0x4 /usr/lib/gcc/arm-none-eabi/4.9.3/armv7e-m/crti.o
                0x0000000000000d3c                _fini
 .fini_array    0x0000000000000d40        0x4 /usr/lib/gcc/arm-none-eabi/4.9.3/armv7e-m/crtbegin.o
 .fini          0x0000000000000d44        0x8 /usr/lib/gcc/arm-none-eabi/4.9.3/armv7e-m/crtn.o

.glue_7         0x0000000000000d4c        0x0
 .glue_7        0x0000000000000d4c        0x0 linker stubs

.glue_7t        0x0000000000000d4c        0x0
 .glue_7t       0x0000000000000d4c        0x0 linker stubs

.vfp11_veneer   0x0000000000000d4c        0x0
 .vfp11_veneer  0x0000000000000d4c        0x0 linker stubs

.v4_bx          0x0000000000000d4c        0x0
 .v4_bx         0x0000000000000d4c        0x0 linker stubs

.iplt           0x0000000000000d4c        0x0
 .iplt          0x0000000000000d4c        0x0 /usr/lib/gcc/arm-none-eabi/4.9.3/armv7e-m/crtbegin.o

.rodata         0x0000000000000d4c       0x1c
 *(.rodata)
 .rodata        0x0000000000000d4c        0x4 /tmp/ccGZUExB.o
                0x0000000000000d4c                g2
 .rodata        0x0000000000000d50        0xe /tmp/ccqPkLA1.o
 *(.rodata.*)
 *fill*         0x0000000000000d5e        0x2 
 .rodata.str1.4
                0x0000000000000d60        0x4 /usr/lib/gcc/arm-none-eabi/4.9.3/../../../arm-none-eabi/lib/armv7e-m/libg.a(lib_a-impure.o)
 .rodata._global_impure_ptr
                0x0000000000000d64        0x4 /usr/lib/gcc/arm-none-eabi/4.9.3/../../../arm-none-eabi/lib/armv7e-m/libg.a(lib_a-impure.o)
                0x0000000000000d64                _global_impure_ptr

.eh_frame       0x0000000000000d68        0x4
 .eh_frame      0x0000000000000d68        0x0 /usr/lib/gcc/arm-none-eabi/4.9.3/armv7e-m/crtbegin.o
 .eh_frame      0x0000000000000d68        0x4 /usr/lib/gcc/arm-none-eabi/4.9.3/armv7e-m/crtend.o

.ARM.exidx      0x0000000000000d6c        0x8
                0x0000000000000d6c                __exidx_start = .
 *(.ARM.exidx* .gnu.linkonce.armexidx.*)
 .ARM.exidx     0x0000000000000d6c        0x8 /usr/lib/gcc/arm-none-eabi/4.9.3/../../../arm-none-eabi/lib/armv7e-m/crt0.o
                0x0000000000000d74                __exidx_end = .

.ARM.extab      0x0000000000000d74        0x0
 *(.ARM.extab* .gnu.linkonce.armextab.*)
 .ARM.extab     0x0000000000000d74        0x0 /usr/lib/gcc/arm-none-eabi/4.9.3/../../../arm-none-eabi/lib/armv7e-m/crt0.o
                0x0000000000000d74                __etext = .

.rel.dyn        0x0000000000000d74        0x0
 .rel.iplt      0x0000000000000d74        0x0 /usr/lib/gcc/arm-none-eabi/4.9.3/armv7e-m/crtbegin.o

.data           0x0000000020000000      0x86c load address 0x0000000000000d74
                0x0000000000000d74                __data_load__ = LOADADDR (.data)
                0x0000000020000000                __data_start__ = .
 *(.data)
 .data          0x0000000020000000        0x0 /usr/lib/gcc/arm-none-eabi/4.9.3/armv7e-m/crti.o
 .data          0x0000000020000000        0x4 /usr/lib/gcc/arm-none-eabi/4.9.3/armv7e-m/crtbegin.o
                0x0000000020000000                __dso_handle
 .data          0x0000000020000004        0x0 /usr/lib/gcc/arm-none-eabi/4.9.3/../../../arm-none-eabi/lib/armv7e-m/crt0.o
 .data          0x0000000020000004        0x1 /tmp/ccGZUExB.o
                0x0000000020000004                g3
 *fill*         0x0000000020000005        0x3 
 .data          0x0000000020000008       0x28 /tmp/ccqPkLA1.o
                0x0000000020000008                g5
 .data          0x0000000020000030        0x0 /usr/lib/gcc/arm-none-eabi/4.9.3/../../../arm-none-eabi/lib/armv7e-m/libg.a(lib_a-atexit.o)
 .data          0x0000000020000030        0x0 /usr/lib/gcc/arm-none-eabi/4.9.3/../../../arm-none-eabi/lib/armv7e-m/libg.a(lib_a-exit.o)
 .data          0x0000000020000030        0x0 /usr/lib/gcc/arm-none-eabi/4.9.3/../../../arm-none-eabi/lib/armv7e-m/libg.a(lib_a-fini.o)
 .data          0x0000000020000030        0x0 /usr/lib/gcc/arm-none-eabi/4.9.3/../../../arm-none-eabi/lib/armv7e-m/libg.a(lib_a-impure.o)
 .data          0x0000000020000030        0x0 /usr/lib/gcc/arm-none-eabi/4.9.3/../../../arm-none-eabi/lib/armv7e-m/libg.a(lib_a-init.o)
 .data          0x0000000020000030        0x0 /usr/lib/gcc/arm-none-eabi/4.9.3/../../../arm-none-eabi/lib/armv7e-m/libg.a(lib_a-malloc.o)
 .data          0x0000000020000030        0x0 /usr/lib/gcc/arm-none-eabi/4.9.3/../../../arm-none-eabi/lib/armv7e-m/libg.a(lib_a-mallocr.o)
 .data          0x0000000020000030        0x0 /usr/lib/gcc/arm-none-eabi/4.9.3/../../../arm-none-eabi/lib/armv7e-m/libg.a(lib_a-memset.o)
 .data          0x0000000020000030        0x0 /usr/lib/gcc/arm-none-eabi/4.9.3/../../../arm-none-eabi/lib/armv7e-m/libg.a(lib_a-mlock.o)
 .data          0x0000000020000030        0x0 /usr/lib/gcc/arm-none-eabi/4.9.3/../../../arm-none-eabi/lib/armv7e-m/libg.a(lib_a-sbrkr.o)
 .data          0x0000000020000030        0x0 /usr/lib/gcc/arm-none-eabi/4.9.3/../../../arm-none-eabi/lib/armv7e-m/libg.a(lib_a-__atexit.o)
 .data          0x0000000020000030        0x0 /usr/lib/gcc/arm-none-eabi/4.9.3/../../../arm-none-eabi/lib/armv7e-m/libg.a(lib_a-__call_atexit.o)
 .data          0x0000000020000030        0x0 /usr/lib/gcc/arm-none-eabi/4.9.3/../../../arm-none-eabi/lib/armv7e-m/libg.a(lib_a-freer.o)
 .data          0x0000000020000030        0x0 /usr/lib/gcc/arm-none-eabi/4.9.3/../../../arm-none-eabi/lib/armv7e-m/libg.a(lib_a-reent.o)
 .data          0x0000000020000030        0x0 /usr/lib/gcc/arm-none-eabi/4.9.3/../../../arm-none-eabi/lib/armv7e-m/libnosys.a(sbrk.o)
 .data          0x0000000020000030        0x0 /usr/lib/gcc/arm-none-eabi/4.9.3/../../../arm-none-eabi/lib/armv7e-m/libnosys.a(_exit.o)
 .data          0x0000000020000030        0x0 /usr/lib/gcc/arm-none-eabi/4.9.3/armv7e-m/crtend.o
 .data          0x0000000020000030        0x0 /usr/lib/gcc/arm-none-eabi/4.9.3/armv7e-m/crtn.o
 *(.data*)
 .data.impure_data
                0x0000000020000030      0x428 /usr/lib/gcc/arm-none-eabi/4.9.3/../../../arm-none-eabi/lib/armv7e-m/libg.a(lib_a-impure.o)
 .data._impure_ptr
                0x0000000020000458        0x4 /usr/lib/gcc/arm-none-eabi/4.9.3/../../../arm-none-eabi/lib/armv7e-m/libg.a(lib_a-impure.o)
                0x0000000020000458                _impure_ptr
 .data.__malloc_av_
                0x000000002000045c      0x408 /usr/lib/gcc/arm-none-eabi/4.9.3/../../../arm-none-eabi/lib/armv7e-m/libg.a(lib_a-mallocr.o)
                0x000000002000045c                __malloc_av_
 .data.__malloc_trim_threshold
                0x0000000020000864        0x4 /usr/lib/gcc/arm-none-eabi/4.9.3/../../../arm-none-eabi/lib/armv7e-m/libg.a(lib_a-mallocr.o)
                0x0000000020000864                __malloc_trim_threshold
 .data.__malloc_sbrk_base
                0x0000000020000868        0x4 /usr/lib/gcc/arm-none-eabi/4.9.3/../../../arm-none-eabi/lib/armv7e-m/libg.a(lib_a-mallocr.o)
                0x0000000020000868                __malloc_sbrk_base
                0x000000002000086c                . = ALIGN (0x4)
                0x000000002000086c                __data_end__ = .

.jcr            0x000000002000086c        0x4 load address 0x00000000000015e0
 .jcr           0x000000002000086c        0x0 /usr/lib/gcc/arm-none-eabi/4.9.3/armv7e-m/crtbegin.o
 .jcr           0x000000002000086c        0x4 /usr/lib/gcc/arm-none-eabi/4.9.3/armv7e-m/crtend.o

.tm_clone_table
                0x0000000020000870        0x0 load address 0x00000000000015e4
 .tm_clone_table
                0x0000000020000870        0x0 /usr/lib/gcc/arm-none-eabi/4.9.3/armv7e-m/crtbegin.o
 .tm_clone_table
                0x0000000020000870        0x0 /usr/lib/gcc/arm-none-eabi/4.9.3/armv7e-m/crtend.o

.igot.plt       0x0000000020000870        0x0 load address 0x00000000000015e4
 .igot.plt      0x0000000020000870        0x0 /usr/lib/gcc/arm-none-eabi/4.9.3/armv7e-m/crtbegin.o

.bss            0x0000000020000870       0x64
                0x0000000020000870                __bss_start__ = .
 *(.shbss)
 *(.bss)
 .bss           0x0000000020000870        0x0 /usr/lib/gcc/arm-none-eabi/4.9.3/armv7e-m/crti.o
 .bss           0x0000000020000870       0x1c /usr/lib/gcc/arm-none-eabi/4.9.3/armv7e-m/crtbegin.o
 .bss           0x000000002000088c        0x0 /usr/lib/gcc/arm-none-eabi/4.9.3/../../../arm-none-eabi/lib/armv7e-m/crt0.o
 .bss           0x000000002000088c        0x5 /tmp/ccGZUExB.o
                0x0000000020000890                g4
 *fill*         0x0000000020000891        0x3 
 .bss           0x0000000020000894        0x4 /tmp/ccqPkLA1.o
 .bss           0x0000000020000898        0x0 /usr/lib/gcc/arm-none-eabi/4.9.3/../../../arm-none-eabi/lib/armv7e-m/libg.a(lib_a-atexit.o)
 .bss           0x0000000020000898        0x0 /usr/lib/gcc/arm-none-eabi/4.9.3/../../../arm-none-eabi/lib/armv7e-m/libg.a(lib_a-exit.o)
 .bss           0x0000000020000898        0x0 /usr/lib/gcc/arm-none-eabi/4.9.3/../../../arm-none-eabi/lib/armv7e-m/libg.a(lib_a-fini.o)
 .bss           0x0000000020000898        0x0 /usr/lib/gcc/arm-none-eabi/4.9.3/../../../arm-none-eabi/lib/armv7e-m/libg.a(lib_a-impure.o)
 .bss           0x0000000020000898        0x0 /usr/lib/gcc/arm-none-eabi/4.9.3/../../../arm-none-eabi/lib/armv7e-m/libg.a(lib_a-init.o)
 .bss           0x0000000020000898        0x0 /usr/lib/gcc/arm-none-eabi/4.9.3/../../../arm-none-eabi/lib/armv7e-m/libg.a(lib_a-malloc.o)
 .bss           0x0000000020000898        0x0 /usr/lib/gcc/arm-none-eabi/4.9.3/../../../arm-none-eabi/lib/armv7e-m/libg.a(lib_a-mallocr.o)
 .bss           0x0000000020000898        0x0 /usr/lib/gcc/arm-none-eabi/4.9.3/../../../arm-none-eabi/lib/armv7e-m/libg.a(lib_a-memset.o)
 .bss           0x0000000020000898        0x0 /usr/lib/gcc/arm-none-eabi/4.9.3/../../../arm-none-eabi/lib/armv7e-m/libg.a(lib_a-mlock.o)
 .bss           0x0000000020000898        0x0 /usr/lib/gcc/arm-none-eabi/4.9.3/../../../arm-none-eabi/lib/armv7e-m/libg.a(lib_a-sbrkr.o)
 .bss           0x0000000020000898        0x0 /usr/lib/gcc/arm-none-eabi/4.9.3/../../../arm-none-eabi/lib/armv7e-m/libg.a(lib_a-__atexit.o)
 .bss           0x0000000020000898        0x0 /usr/lib/gcc/arm-none-eabi/4.9.3/../../../arm-none-eabi/lib/armv7e-m/libg.a(lib_a-__call_atexit.o)
 .bss           0x0000000020000898        0x0 /usr/lib/gcc/arm-none-eabi/4.9.3/../../../arm-none-eabi/lib/armv7e-m/libg.a(lib_a-freer.o)
 .bss           0x0000000020000898        0x0 /usr/lib/gcc/arm-none-eabi/4.9.3/../../../arm-none-eabi/lib/armv7e-m/libg.a(lib_a-reent.o)
 .bss           0x0000000020000898        0x0 /usr/lib/gcc/arm-none-eabi/4.9.3/../../../arm-none-eabi/lib/armv7e-m/libnosys.a(sbrk.o)
 .bss           0x0000000020000898        0x0 /usr/lib/gcc/arm-none-eabi/4.9.3/../../../arm-none-eabi/lib/armv7e-m/libnosys.a(_exit.o)
 .bss           0x0000000020000898        0x0 /usr/lib/gcc/arm-none-eabi/4.9.3/armv7e-m/crtend.o
 .bss           0x0000000020000898        0x0 /usr/lib/gcc/arm-none-eabi/4.9.3/armv7e-m/crtn.o
 *(.bss.*)
 .bss.__malloc_max_total_mem
                0x0000000020000898        0x4 /usr/lib/gcc/arm-none-eabi/4.9.3/../../../arm-none-eabi/lib/armv7e-m/libg.a(lib_a-mallocr.o)
                0x0000000020000898                __malloc_max_total_mem
 .bss.__malloc_max_sbrked_mem
                0x000000002000089c        0x4 /usr/lib/gcc/arm-none-eabi/4.9.3/../../../arm-none-eabi/lib/armv7e-m/libg.a(lib_a-mallocr.o)
                0x000000002000089c                __malloc_max_sbrked_mem
 .bss.__malloc_top_pad
                0x00000000200008a0        0x4 /usr/lib/gcc/arm-none-eabi/4.9.3/../../../arm-none-eabi/lib/armv7e-m/libg.a(lib_a-mallocr.o)
                0x00000000200008a0                __malloc_top_pad
 .bss.__malloc_current_mallinfo
                0x00000000200008a4       0x28 /usr/lib/gcc/arm-none-eabi/4.9.3/../../../arm-none-eabi/lib/armv7e-m/libg.a(lib_a-mallocr.o)
                0x00000000200008a4                __malloc_current_mallinfo
 .bss.heap_end.4079
                0x00000000200008cc        0x4 /usr/lib/gcc/arm-none-eabi/4.9.3/../../../arm-none-eabi/lib/armv7e-m/libnosys.a(sbrk.o)
 *(COMMON)
 COMMON         0x00000000200008d0        0x4 /usr/lib/gcc/arm-none-eabi/4.9.3/../../../arm-none-eabi/lib/armv7e-m/libg.a(lib_a-reent.o)
                0x00000000200008d0                errno
                0x00000000200008d4                . = ALIGN (0x4)
                0x00000000200008d4                __bss_end__ = .

.heap           0x00000000200008d4        0x0
                0x00000000200008d4                __heap_start__ = .
                0x00000000200008d4                end = __heap_start__
                0x00000000200008d4                _end = end
                0x00000000200008d4                __end = end
 *(.heap)
                0x00000000200008d4                __heap_end__ = .
                0x00000000200008d4                __HeapLimit = __heap_end__

.stack          0x00000000200008d8        0x0
                0x00000000200008d8                _stack = .
                0x00000000200008d8                __stack = .
 *(.stack)
OUTPUT(main.out elf32-littlearm)

.ARM.attributes
                0x0000000000000000       0x2a
 .ARM.attributes
                0x0000000000000000       0x1e /usr/lib/gcc/arm-none-eabi/4.9.3/armv7e-m/crti.o
 .ARM.attributes
                0x000000000000001e       0x2e /usr/lib/gcc/arm-none-eabi/4.9.3/armv7e-m/crtbegin.o
 .ARM.attributes
                0x000000000000004c       0x1c /usr/lib/gcc/arm-none-eabi/4.9.3/../../../arm-none-eabi/lib/armv7e-m/crt0.o
 .ARM.attributes
                0x0000000000000068       0x33 /tmp/ccGZUExB.o
 .ARM.attributes
                0x000000000000009b       0x33 /tmp/ccqPkLA1.o
 .ARM.attributes
                0x00000000000000ce       0x2e /usr/lib/gcc/arm-none-eabi/4.9.3/../../../arm-none-eabi/lib/armv7e-m/libg.a(lib_a-atexit.o)
 .ARM.attributes
                0x00000000000000fc       0x2e /usr/lib/gcc/arm-none-eabi/4.9.3/../../../arm-none-eabi/lib/armv7e-m/libg.a(lib_a-exit.o)
 .ARM.attributes
                0x000000000000012a       0x2e /usr/lib/gcc/arm-none-eabi/4.9.3/../../../arm-none-eabi/lib/armv7e-m/libg.a(lib_a-fini.o)
 .ARM.attributes
                0x0000000000000158       0x2e /usr/lib/gcc/arm-none-eabi/4.9.3/../../../arm-none-eabi/lib/armv7e-m/libg.a(lib_a-impure.o)
 .ARM.attributes
                0x0000000000000186       0x2e /usr/lib/gcc/arm-none-eabi/4.9.3/../../../arm-none-eabi/lib/armv7e-m/libg.a(lib_a-init.o)
 .ARM.attributes
                0x00000000000001b4       0x2e /usr/lib/gcc/arm-none-eabi/4.9.3/../../../arm-none-eabi/lib/armv7e-m/libg.a(lib_a-malloc.o)
 .ARM.attributes
                0x00000000000001e2       0x2e /usr/lib/gcc/arm-none-eabi/4.9.3/../../../arm-none-eabi/lib/armv7e-m/libg.a(lib_a-mallocr.o)
 .ARM.attributes
                0x0000000000000210       0x2e /usr/lib/gcc/arm-none-eabi/4.9.3/../../../arm-none-eabi/lib/armv7e-m/libg.a(lib_a-memset.o)
 .ARM.attributes
                0x000000000000023e       0x2e /usr/lib/gcc/arm-none-eabi/4.9.3/../../../arm-none-eabi/lib/armv7e-m/libg.a(lib_a-mlock.o)
 .ARM.attributes
                0x000000000000026c       0x2e /usr/lib/gcc/arm-none-eabi/4.9.3/../../../arm-none-eabi/lib/armv7e-m/libg.a(lib_a-sbrkr.o)
 .ARM.attributes
                0x000000000000029a       0x2e /usr/lib/gcc/arm-none-eabi/4.9.3/../../../arm-none-eabi/lib/armv7e-m/libg.a(lib_a-__atexit.o)
 .ARM.attributes
                0x00000000000002c8       0x2e /usr/lib/gcc/arm-none-eabi/4.9.3/../../../arm-none-eabi/lib/armv7e-m/libg.a(lib_a-__call_atexit.o)
 .ARM.attributes
                0x00000000000002f6       0x2e /usr/lib/gcc/arm-none-eabi/4.9.3/../../../arm-none-eabi/lib/armv7e-m/libg.a(lib_a-freer.o)
 .ARM.attributes
                0x0000000000000324       0x2e /usr/lib/gcc/arm-none-eabi/4.9.3/../../../arm-none-eabi/lib/armv7e-m/libg.a(lib_a-reent.o)
 .ARM.attributes
                0x0000000000000352       0x2e /usr/lib/gcc/arm-none-eabi/4.9.3/../../../arm-none-eabi/lib/armv7e-m/libnosys.a(sbrk.o)
 .ARM.attributes
                0x0000000000000380       0x2e /usr/lib/gcc/arm-none-eabi/4.9.3/../../../arm-none-eabi/lib/armv7e-m/libnosys.a(_exit.o)
 .ARM.attributes
                0x00000000000003ae       0x2e /usr/lib/gcc/arm-none-eabi/4.9.3/armv7e-m/crtend.o
 .ARM.attributes
                0x00000000000003dc       0x1e /usr/lib/gcc/arm-none-eabi/4.9.3/armv7e-m/crtn.o

.comment        0x0000000000000000       0x70
 .comment       0x0000000000000000       0x38 /usr/lib/gcc/arm-none-eabi/4.9.3/armv7e-m/crtbegin.o
                                         0x39 (size before relaxing)
 .comment       0x0000000000000038       0x39 /tmp/ccGZUExB.o
 .comment       0x0000000000000038       0x39 /tmp/ccqPkLA1.o
 .comment       0x0000000000000038       0x38 /usr/lib/gcc/arm-none-eabi/4.9.3/../../../arm-none-eabi/lib/armv7e-m/libg.a(lib_a-atexit.o)
                                         0x39 (size before relaxing)
 .comment       0x0000000000000070       0x39 /usr/lib/gcc/arm-none-eabi/4.9.3/../../../arm-none-eabi/lib/armv7e-m/libg.a(lib_a-exit.o)
 .comment       0x0000000000000070       0x39 /usr/lib/gcc/arm-none-eabi/4.9.3/../../../arm-none-eabi/lib/armv7e-m/libg.a(lib_a-fini.o)
 .comment       0x0000000000000070       0x39 /usr/lib/gcc/arm-none-eabi/4.9.3/../../../arm-none-eabi/lib/armv7e-m/libg.a(lib_a-impure.o)
 .comment       0x0000000000000070       0x39 /usr/lib/gcc/arm-none-eabi/4.9.3/../../../arm-none-eabi/lib/armv7e-m/libg.a(lib_a-init.o)
 .comment       0x0000000000000070       0x39 /usr/lib/gcc/arm-none-eabi/4.9.3/../../../arm-none-eabi/lib/armv7e-m/libg.a(lib_a-malloc.o)
 .comment       0x0000000000000070       0x39 /usr/lib/gcc/arm-none-eabi/4.9.3/../../../arm-none-eabi/lib/armv7e-m/libg.a(lib_a-mallocr.o)
 .comment       0x0000000000000070       0x39 /usr/lib/gcc/arm-none-eabi/4.9.3/../../../arm-none-eabi/lib/armv7e-m/libg.a(lib_a-memset.o)
 .comment       0x0000000000000070       0x39 /usr/lib/gcc/arm-none-eabi/4.9.3/../../../arm-none-eabi/lib/armv7e-m/libg.a(lib_a-mlock.o)
 .comment       0x0000000000000070       0x39 /usr/lib/gcc/arm-none-eabi/4.9.3/../../../arm-none-eabi/lib/armv7e-m/libg.a(lib_a-sbrkr.o)
 .comment       0x0000000000000070       0x39 /usr/lib/gcc/arm-none-eabi/4.9.3/../../../arm-none-eabi/lib/armv7e-m/libg.a(lib_a-__atexit.o)
 .comment       0x0000000000000070       0x39 /usr/lib/gcc/arm-none-eabi/4.9.3/../../../arm-none-eabi/lib/armv7e-m/libg.a(lib_a-__call_atexit.o)
 .comment       0x0000000000000070       0x39 /usr/lib/gcc/arm-none-eabi/4.9.3/../../../arm-none-eabi/lib/armv7e-m/libg.a(lib_a-freer.o)
 .comment       0x0000000000000070       0x39 /usr/lib/gcc/arm-none-eabi/4.9.3/../../../arm-none-eabi/lib/armv7e-m/libg.a(lib_a-reent.o)
 .comment       0x0000000000000070       0x39 /usr/lib/gcc/arm-none-eabi/4.9.3/../../../arm-none-eabi/lib/armv7e-m/libnosys.a(sbrk.o)
 .comment       0x0000000000000070       0x39 /usr/lib/gcc/arm-none-eabi/4.9.3/../../../arm-none-eabi/lib/armv7e-m/libnosys.a(_exit.o)
 .comment       0x0000000000000070       0x39 /usr/lib/gcc/arm-none-eabi/4.9.3/armv7e-m/crtend.o

.debug_line     0x0000000000000000     0x162b
 .debug_line    0x0000000000000000       0x7b /usr/lib/gcc/arm-none-eabi/4.9.3/../../../arm-none-eabi/lib/armv7e-m/crt0.o
 .debug_line    0x000000000000007b       0x4e /tmp/ccGZUExB.o
 .debug_line    0x00000000000000c9       0x53 /tmp/ccqPkLA1.o
 .debug_line    0x000000000000011c       0xc1 /usr/lib/gcc/arm-none-eabi/4.9.3/../../../arm-none-eabi/lib/armv7e-m/libg.a(lib_a-atexit.o)
 .debug_line    0x00000000000001dd      0x175 /usr/lib/gcc/arm-none-eabi/4.9.3/../../../arm-none-eabi/lib/armv7e-m/libg.a(lib_a-exit.o)
 .debug_line    0x0000000000000352       0x9c /usr/lib/gcc/arm-none-eabi/4.9.3/../../../arm-none-eabi/lib/armv7e-m/libg.a(lib_a-fini.o)
 .debug_line    0x00000000000003ee       0xf1 /usr/lib/gcc/arm-none-eabi/4.9.3/../../../arm-none-eabi/lib/armv7e-m/libg.a(lib_a-impure.o)
 .debug_line    0x00000000000004df       0xb5 /usr/lib/gcc/arm-none-eabi/4.9.3/../../../arm-none-eabi/lib/armv7e-m/libg.a(lib_a-init.o)
 .debug_line    0x0000000000000594      0x16e /usr/lib/gcc/arm-none-eabi/4.9.3/../../../arm-none-eabi/lib/armv7e-m/libg.a(lib_a-malloc.o)
 .debug_line    0x0000000000000702      0x38b /usr/lib/gcc/arm-none-eabi/4.9.3/../../../arm-none-eabi/lib/armv7e-m/libg.a(lib_a-mallocr.o)
 .debug_line    0x0000000000000a8d      0x119 /usr/lib/gcc/arm-none-eabi/4.9.3/../../../arm-none-eabi/lib/armv7e-m/libg.a(lib_a-memset.o)
 .debug_line    0x0000000000000ba6      0x10f /usr/lib/gcc/arm-none-eabi/4.9.3/../../../arm-none-eabi/lib/armv7e-m/libg.a(lib_a-mlock.o)
 .debug_line    0x0000000000000cb5      0x161 /usr/lib/gcc/arm-none-eabi/4.9.3/../../../arm-none-eabi/lib/armv7e-m/libg.a(lib_a-sbrkr.o)
 .debug_line    0x0000000000000e16      0x193 /usr/lib/gcc/arm-none-eabi/4.9.3/../../../arm-none-eabi/lib/armv7e-m/libg.a(lib_a-__atexit.o)
 .debug_line    0x0000000000000fa9      0x1c5 /usr/lib/gcc/arm-none-eabi/4.9.3/../../../arm-none-eabi/lib/armv7e-m/libg.a(lib_a-__call_atexit.o)
 .debug_line    0x000000000000116e      0x26e /usr/lib/gcc/arm-none-eabi/4.9.3/../../../arm-none-eabi/lib/armv7e-m/libg.a(lib_a-freer.o)
 .debug_line    0x00000000000013dc      0x19a /usr/lib/gcc/arm-none-eabi/4.9.3/../../../arm-none-eabi/lib/armv7e-m/libg.a(lib_a-reent.o)
 .debug_line    0x0000000000001576       0x58 /usr/lib/gcc/arm-none-eabi/4.9.3/../../../arm-none-eabi/lib/armv7e-m/libnosys.a(sbrk.o)
 .debug_line    0x00000000000015ce       0x5d /usr/lib/gcc/arm-none-eabi/4.9.3/../../../arm-none-eabi/lib/armv7e-m/libnosys.a(_exit.o)

.debug_info     0x0000000000000000     0x6a31
 .debug_info    0x0000000000000000       0xa9 /usr/lib/gcc/arm-none-eabi/4.9.3/../../../arm-none-eabi/lib/armv7e-m/crt0.o
 .debug_info    0x00000000000000a9      0x10a /tmp/ccGZUExB.o
 .debug_info    0x00000000000001b3       0xc4 /tmp/ccqPkLA1.o
 .debug_info    0x0000000000000277      0x10a /usr/lib/gcc/arm-none-eabi/4.9.3/../../../arm-none-eabi/lib/armv7e-m/libg.a(lib_a-atexit.o)
 .debug_info    0x0000000000000381      0x8e4 /usr/lib/gcc/arm-none-eabi/4.9.3/../../../arm-none-eabi/lib/armv7e-m/libg.a(lib_a-exit.o)
 .debug_info    0x0000000000000c65       0xef /usr/lib/gcc/arm-none-eabi/4.9.3/../../../arm-none-eabi/lib/armv7e-m/libg.a(lib_a-fini.o)
 .debug_info    0x0000000000000d54      0x894 /usr/lib/gcc/arm-none-eabi/4.9.3/../../../arm-none-eabi/lib/armv7e-m/libg.a(lib_a-impure.o)
 .debug_info    0x00000000000015e8      0x105 /usr/lib/gcc/arm-none-eabi/4.9.3/../../../arm-none-eabi/lib/armv7e-m/libg.a(lib_a-init.o)
 .debug_info    0x00000000000016ed      0x915 /usr/lib/gcc/arm-none-eabi/4.9.3/../../../arm-none-eabi/lib/armv7e-m/libg.a(lib_a-malloc.o)
 .debug_info    0x0000000000002002      0xd8b /usr/lib/gcc/arm-none-eabi/4.9.3/../../../arm-none-eabi/lib/armv7e-m/libg.a(lib_a-mallocr.o)
 .debug_info    0x0000000000002d8d      0x117 /usr/lib/gcc/arm-none-eabi/4.9.3/../../../arm-none-eabi/lib/armv7e-m/libg.a(lib_a-memset.o)
 .debug_info    0x0000000000002ea4      0x8b4 /usr/lib/gcc/arm-none-eabi/4.9.3/../../../arm-none-eabi/lib/armv7e-m/libg.a(lib_a-mlock.o)
 .debug_info    0x0000000000003758      0x8f4 /usr/lib/gcc/arm-none-eabi/4.9.3/../../../arm-none-eabi/lib/armv7e-m/libg.a(lib_a-sbrkr.o)
 .debug_info    0x000000000000404c      0x934 /usr/lib/gcc/arm-none-eabi/4.9.3/../../../arm-none-eabi/lib/armv7e-m/libg.a(lib_a-__atexit.o)
 .debug_info    0x0000000000004980      0x9a9 /usr/lib/gcc/arm-none-eabi/4.9.3/../../../arm-none-eabi/lib/armv7e-m/libg.a(lib_a-__call_atexit.o)
 .debug_info    0x0000000000005329      0xc1c /usr/lib/gcc/arm-none-eabi/4.9.3/../../../arm-none-eabi/lib/armv7e-m/libg.a(lib_a-freer.o)
 .debug_info    0x0000000000005f45      0x9fb /usr/lib/gcc/arm-none-eabi/4.9.3/../../../arm-none-eabi/lib/armv7e-m/libg.a(lib_a-reent.o)
 .debug_info    0x0000000000006940       0x99 /usr/lib/gcc/arm-none-eabi/4.9.3/../../../arm-none-eabi/lib/armv7e-m/libnosys.a(sbrk.o)
 .debug_info    0x00000000000069d9       0x58 /usr/lib/gcc/arm-none-eabi/4.9.3/../../../arm-none-eabi/lib/armv7e-m/libnosys.a(_exit.o)

.debug_abbrev   0x0000000000000000     0x19db
 .debug_abbrev  0x0000000000000000       0x14 /usr/lib/gcc/arm-none-eabi/4.9.3/../../../arm-none-eabi/lib/armv7e-m/crt0.o
 .debug_abbrev  0x0000000000000014       0x7b /tmp/ccGZUExB.o
 .debug_abbrev  0x000000000000008f       0x97 /tmp/ccqPkLA1.o
 .debug_abbrev  0x0000000000000126       0xb8 /usr/lib/gcc/arm-none-eabi/4.9.3/../../../arm-none-eabi/lib/armv7e-m/libg.a(lib_a-atexit.o)
 .debug_abbrev  0x00000000000001de      0x1e6 /usr/lib/gcc/arm-none-eabi/4.9.3/../../../arm-none-eabi/lib/armv7e-m/libg.a(lib_a-exit.o)
 .debug_abbrev  0x00000000000003c4       0xbd /usr/lib/gcc/arm-none-eabi/4.9.3/../../../arm-none-eabi/lib/armv7e-m/libg.a(lib_a-fini.o)
 .debug_abbrev  0x0000000000000481      0x180 /usr/lib/gcc/arm-none-eabi/4.9.3/../../../arm-none-eabi/lib/armv7e-m/libg.a(lib_a-impure.o)
 .debug_abbrev  0x0000000000000601       0xba /usr/lib/gcc/arm-none-eabi/4.9.3/../../../arm-none-eabi/lib/armv7e-m/libg.a(lib_a-init.o)
 .debug_abbrev  0x00000000000006bb      0x1fa /usr/lib/gcc/arm-none-eabi/4.9.3/../../../arm-none-eabi/lib/armv7e-m/libg.a(lib_a-malloc.o)
 .debug_abbrev  0x00000000000008b5      0x2ad /usr/lib/gcc/arm-none-eabi/4.9.3/../../../arm-none-eabi/lib/armv7e-m/libg.a(lib_a-mallocr.o)
 .debug_abbrev  0x0000000000000b62       0x9f /usr/lib/gcc/arm-none-eabi/4.9.3/../../../arm-none-eabi/lib/armv7e-m/libg.a(lib_a-memset.o)
 .debug_abbrev  0x0000000000000c01      0x19a /usr/lib/gcc/arm-none-eabi/4.9.3/../../../arm-none-eabi/lib/armv7e-m/libg.a(lib_a-mlock.o)
 .debug_abbrev  0x0000000000000d9b      0x1fd /usr/lib/gcc/arm-none-eabi/4.9.3/../../../arm-none-eabi/lib/armv7e-m/libg.a(lib_a-sbrkr.o)
 .debug_abbrev  0x0000000000000f98      0x20f /usr/lib/gcc/arm-none-eabi/4.9.3/../../../arm-none-eabi/lib/armv7e-m/libg.a(lib_a-__atexit.o)
 .debug_abbrev  0x00000000000011a7      0x285 /usr/lib/gcc/arm-none-eabi/4.9.3/../../../arm-none-eabi/lib/armv7e-m/libg.a(lib_a-__call_atexit.o)
 .debug_abbrev  0x000000000000142c      0x27b /usr/lib/gcc/arm-none-eabi/4.9.3/../../../arm-none-eabi/lib/armv7e-m/libg.a(lib_a-freer.o)
 .debug_abbrev  0x00000000000016a7      0x25c /usr/lib/gcc/arm-none-eabi/4.9.3/../../../arm-none-eabi/lib/armv7e-m/libg.a(lib_a-reent.o)
 .debug_abbrev  0x0000000000001903       0x83 /usr/lib/gcc/arm-none-eabi/4.9.3/../../../arm-none-eabi/lib/armv7e-m/libnosys.a(sbrk.o)
 .debug_abbrev  0x0000000000001986       0x55 /usr/lib/gcc/arm-none-eabi/4.9.3/../../../arm-none-eabi/lib/armv7e-m/libnosys.a(_exit.o)

.debug_aranges  0x0000000000000000      0x280
 .debug_aranges
                0x0000000000000000       0x20 /usr/lib/gcc/arm-none-eabi/4.9.3/../../../arm-none-eabi/lib/armv7e-m/crt0.o
 .debug_aranges
                0x0000000000000020       0x20 /tmp/ccGZUExB.o
 .debug_aranges
                0x0000000000000040       0x20 /tmp/ccqPkLA1.o
 .debug_aranges
                0x0000000000000060       0x20 /usr/lib/gcc/arm-none-eabi/4.9.3/../../../arm-none-eabi/lib/armv7e-m/libg.a(lib_a-atexit.o)
 .debug_aranges
                0x0000000000000080       0x20 /usr/lib/gcc/arm-none-eabi/4.9.3/../../../arm-none-eabi/lib/armv7e-m/libg.a(lib_a-exit.o)
 .debug_aranges
                0x00000000000000a0       0x20 /usr/lib/gcc/arm-none-eabi/4.9.3/../../../arm-none-eabi/lib/armv7e-m/libg.a(lib_a-fini.o)
 .debug_aranges
                0x00000000000000c0       0x18 /usr/lib/gcc/arm-none-eabi/4.9.3/../../../arm-none-eabi/lib/armv7e-m/libg.a(lib_a-impure.o)
 .debug_aranges
                0x00000000000000d8       0x20 /usr/lib/gcc/arm-none-eabi/4.9.3/../../../arm-none-eabi/lib/armv7e-m/libg.a(lib_a-init.o)
 .debug_aranges
                0x00000000000000f8       0x28 /usr/lib/gcc/arm-none-eabi/4.9.3/../../../arm-none-eabi/lib/armv7e-m/libg.a(lib_a-malloc.o)
 .debug_aranges
                0x0000000000000120       0x20 /usr/lib/gcc/arm-none-eabi/4.9.3/../../../arm-none-eabi/lib/armv7e-m/libg.a(lib_a-mallocr.o)
 .debug_aranges
                0x0000000000000140       0x20 /usr/lib/gcc/arm-none-eabi/4.9.3/../../../arm-none-eabi/lib/armv7e-m/libg.a(lib_a-memset.o)
 .debug_aranges
                0x0000000000000160       0x28 /usr/lib/gcc/arm-none-eabi/4.9.3/../../../arm-none-eabi/lib/armv7e-m/libg.a(lib_a-mlock.o)
 .debug_aranges
                0x0000000000000188       0x20 /usr/lib/gcc/arm-none-eabi/4.9.3/../../../arm-none-eabi/lib/armv7e-m/libg.a(lib_a-sbrkr.o)
 .debug_aranges
                0x00000000000001a8       0x20 /usr/lib/gcc/arm-none-eabi/4.9.3/../../../arm-none-eabi/lib/armv7e-m/libg.a(lib_a-__atexit.o)
 .debug_aranges
                0x00000000000001c8       0x28 /usr/lib/gcc/arm-none-eabi/4.9.3/../../../arm-none-eabi/lib/armv7e-m/libg.a(lib_a-__call_atexit.o)
 .debug_aranges
                0x00000000000001f0       0x28 /usr/lib/gcc/arm-none-eabi/4.9.3/../../../arm-none-eabi/lib/armv7e-m/libg.a(lib_a-freer.o)
 .debug_aranges
                0x0000000000000218       0x28 /usr/lib/gcc/arm-none-eabi/4.9.3/../../../arm-none-eabi/lib/armv7e-m/libg.a(lib_a-reent.o)
 .debug_aranges
                0x0000000000000240       0x20 /usr/lib/gcc/arm-none-eabi/4.9.3/../../../arm-none-eabi/lib/armv7e-m/libnosys.a(sbrk.o)
 .debug_aranges
                0x0000000000000260       0x20 /usr/lib/gcc/arm-none-eabi/4.9.3/../../../arm-none-eabi/lib/armv7e-m/libnosys.a(_exit.o)

.debug_str      0x0000000000000000      0xdfb
 .debug_str     0x0000000000000000       0xcd /tmp/ccGZUExB.o
                                        0x106 (size before relaxing)
 .debug_str     0x00000000000000cd        0x7 /tmp/ccqPkLA1.o
                                         0x8f (size before relaxing)
 .debug_str     0x00000000000000d4      0x162 /usr/lib/gcc/arm-none-eabi/4.9.3/../../../arm-none-eabi/lib/armv7e-m/libg.a(lib_a-atexit.o)
                                        0x1fb (size before relaxing)
 .debug_str     0x0000000000000236      0x3d7 /usr/lib/gcc/arm-none-eabi/4.9.3/../../../arm-none-eabi/lib/armv7e-m/libg.a(lib_a-exit.o)
                                        0x598 (size before relaxing)
 .debug_str     0x000000000000060d       0xcb /usr/lib/gcc/arm-none-eabi/4.9.3/../../../arm-none-eabi/lib/armv7e-m/libg.a(lib_a-fini.o)
                                        0x1f3 (size before relaxing)
 .debug_str     0x00000000000006d8       0x9e /usr/lib/gcc/arm-none-eabi/4.9.3/../../../arm-none-eabi/lib/armv7e-m/libg.a(lib_a-impure.o)
                                        0x58f (size before relaxing)
 .debug_str     0x0000000000000776       0x90 /usr/lib/gcc/arm-none-eabi/4.9.3/../../../arm-none-eabi/lib/armv7e-m/libg.a(lib_a-init.o)
                                        0x21d (size before relaxing)
 .debug_str     0x0000000000000806       0x51 /usr/lib/gcc/arm-none-eabi/4.9.3/../../../arm-none-eabi/lib/armv7e-m/libg.a(lib_a-malloc.o)
                                        0x5a3 (size before relaxing)
 .debug_str     0x0000000000000857      0x221 /usr/lib/gcc/arm-none-eabi/4.9.3/../../../arm-none-eabi/lib/armv7e-m/libg.a(lib_a-mallocr.o)
                                        0x79e (size before relaxing)
 .debug_str     0x0000000000000a78       0xaf /usr/lib/gcc/arm-none-eabi/4.9.3/../../../arm-none-eabi/lib/armv7e-m/libg.a(lib_a-memset.o)
                                        0x1d2 (size before relaxing)
 .debug_str     0x0000000000000b27       0x42 /usr/lib/gcc/arm-none-eabi/4.9.3/../../../arm-none-eabi/lib/armv7e-m/libg.a(lib_a-mlock.o)
                                        0x598 (size before relaxing)
 .debug_str     0x0000000000000b69       0x37 /usr/lib/gcc/arm-none-eabi/4.9.3/../../../arm-none-eabi/lib/armv7e-m/libg.a(lib_a-sbrkr.o)
                                        0x586 (size before relaxing)
 .debug_str     0x0000000000000ba0       0x30 /usr/lib/gcc/arm-none-eabi/4.9.3/../../../arm-none-eabi/lib/armv7e-m/libg.a(lib_a-__atexit.o)
                                        0x5d7 (size before relaxing)
 .debug_str     0x0000000000000bd0       0x6b /usr/lib/gcc/arm-none-eabi/4.9.3/../../../arm-none-eabi/lib/armv7e-m/libg.a(lib_a-__call_atexit.o)
                                        0x5ef (size before relaxing)
 .debug_str     0x0000000000000c3b       0x34 /usr/lib/gcc/arm-none-eabi/4.9.3/../../../arm-none-eabi/lib/armv7e-m/libg.a(lib_a-freer.o)
                                        0x6e8 (size before relaxing)
 .debug_str     0x0000000000000c6f       0x58 /usr/lib/gcc/arm-none-eabi/4.9.3/../../../arm-none-eabi/lib/armv7e-m/libg.a(lib_a-reent.o)
                                        0x5ae (size before relaxing)
 .debug_str     0x0000000000000cc7      0x10b /usr/lib/gcc/arm-none-eabi/4.9.3/../../../arm-none-eabi/lib/armv7e-m/libnosys.a(sbrk.o)
                                        0x124 (size before relaxing)
 .debug_str     0x0000000000000dd2       0x29 /usr/lib/gcc/arm-none-eabi/4.9.3/../../../arm-none-eabi/lib/armv7e-m/libnosys.a(_exit.o)
                                        0x104 (size before relaxing)

.debug_frame    0x0000000000000000      0x3c0
 .debug_frame   0x0000000000000000       0x38 /tmp/ccGZUExB.o
 .debug_frame   0x0000000000000038       0x38 /tmp/ccqPkLA1.o
 .debug_frame   0x0000000000000070       0x20 /usr/lib/gcc/arm-none-eabi/4.9.3/../../../arm-none-eabi/lib/armv7e-m/libg.a(lib_a-atexit.o)
 .debug_frame   0x0000000000000090       0x28 /usr/lib/gcc/arm-none-eabi/4.9.3/../../../arm-none-eabi/lib/armv7e-m/libg.a(lib_a-exit.o)
 .debug_frame   0x00000000000000b8       0x34 /usr/lib/gcc/arm-none-eabi/4.9.3/../../../arm-none-eabi/lib/armv7e-m/libg.a(lib_a-fini.o)
 .debug_frame   0x00000000000000ec       0x2c /usr/lib/gcc/arm-none-eabi/4.9.3/../../../arm-none-eabi/lib/armv7e-m/libg.a(lib_a-init.o)
 .debug_frame   0x0000000000000118       0x30 /usr/lib/gcc/arm-none-eabi/4.9.3/../../../arm-none-eabi/lib/armv7e-m/libg.a(lib_a-malloc.o)
 .debug_frame   0x0000000000000148       0x58 /usr/lib/gcc/arm-none-eabi/4.9.3/../../../arm-none-eabi/lib/armv7e-m/libg.a(lib_a-mallocr.o)
 .debug_frame   0x00000000000001a0       0x34 /usr/lib/gcc/arm-none-eabi/4.9.3/../../../arm-none-eabi/lib/armv7e-m/libg.a(lib_a-memset.o)
 .debug_frame   0x00000000000001d4       0x30 /usr/lib/gcc/arm-none-eabi/4.9.3/../../../arm-none-eabi/lib/armv7e-m/libg.a(lib_a-mlock.o)
 .debug_frame   0x0000000000000204       0x2c /usr/lib/gcc/arm-none-eabi/4.9.3/../../../arm-none-eabi/lib/armv7e-m/libg.a(lib_a-sbrkr.o)
 .debug_frame   0x0000000000000230       0x34 /usr/lib/gcc/arm-none-eabi/4.9.3/../../../arm-none-eabi/lib/armv7e-m/libg.a(lib_a-__atexit.o)
 .debug_frame   0x0000000000000264       0x50 /usr/lib/gcc/arm-none-eabi/4.9.3/../../../arm-none-eabi/lib/armv7e-m/libg.a(lib_a-__call_atexit.o)
 .debug_frame   0x00000000000002b4       0x74 /usr/lib/gcc/arm-none-eabi/4.9.3/../../../arm-none-eabi/lib/armv7e-m/libg.a(lib_a-freer.o)
 .debug_frame   0x0000000000000328       0x58 /usr/lib/gcc/arm-none-eabi/4.9.3/../../../arm-none-eabi/lib/armv7e-m/libg.a(lib_a-reent.o)
 .debug_frame   0x0000000000000380       0x20 /usr/lib/gcc/arm-none-eabi/4.9.3/../../../arm-none-eabi/lib/armv7e-m/libnosys.a(sbrk.o)
 .debug_frame   0x00000000000003a0       0x20 /usr/lib/gcc/arm-none-eabi/4.9.3/../../../arm-none-eabi/lib/armv7e-m/libnosys.a(_exit.o)

.debug_loc      0x0000000000000000     0x1a83
 .debug_loc     0x0000000000000000       0x2c /usr/lib/gcc/arm-none-eabi/4.9.3/../../../arm-none-eabi/lib/armv7e-m/libg.a(lib_a-atexit.o)
 .debug_loc     0x000000000000002c       0x1e /usr/lib/gcc/arm-none-eabi/4.9.3/../../../arm-none-eabi/lib/armv7e-m/libg.a(lib_a-exit.o)
 .debug_loc     0x000000000000004a       0x5c /usr/lib/gcc/arm-none-eabi/4.9.3/../../../arm-none-eabi/lib/armv7e-m/libg.a(lib_a-fini.o)
 .debug_loc     0x00000000000000a6       0xae /usr/lib/gcc/arm-none-eabi/4.9.3/../../../arm-none-eabi/lib/armv7e-m/libg.a(lib_a-init.o)
 .debug_loc     0x0000000000000154       0x58 /usr/lib/gcc/arm-none-eabi/4.9.3/../../../arm-none-eabi/lib/armv7e-m/libg.a(lib_a-malloc.o)
 .debug_loc     0x00000000000001ac      0xdc4 /usr/lib/gcc/arm-none-eabi/4.9.3/../../../arm-none-eabi/lib/armv7e-m/libg.a(lib_a-mallocr.o)
 .debug_loc     0x0000000000000f70      0x1ae /usr/lib/gcc/arm-none-eabi/4.9.3/../../../arm-none-eabi/lib/armv7e-m/libg.a(lib_a-memset.o)
 .debug_loc     0x000000000000111e       0x4d /usr/lib/gcc/arm-none-eabi/4.9.3/../../../arm-none-eabi/lib/armv7e-m/libg.a(lib_a-sbrkr.o)
 .debug_loc     0x000000000000116b      0x197 /usr/lib/gcc/arm-none-eabi/4.9.3/../../../arm-none-eabi/lib/armv7e-m/libg.a(lib_a-__atexit.o)
 .debug_loc     0x0000000000001302      0x146 /usr/lib/gcc/arm-none-eabi/4.9.3/../../../arm-none-eabi/lib/armv7e-m/libg.a(lib_a-__call_atexit.o)
 .debug_loc     0x0000000000001448      0x4fd /usr/lib/gcc/arm-none-eabi/4.9.3/../../../arm-none-eabi/lib/armv7e-m/libg.a(lib_a-freer.o)
 .debug_loc     0x0000000000001945      0x11d /usr/lib/gcc/arm-none-eabi/4.9.3/../../../arm-none-eabi/lib/armv7e-m/libg.a(lib_a-reent.o)
 .debug_loc     0x0000000000001a62       0x21 /usr/lib/gcc/arm-none-eabi/4.9.3/../../../arm-none-eabi/lib/armv7e-m/libnosys.a(sbrk.o)

.debug_ranges   0x0000000000000000      0x170
 .debug_ranges  0x0000000000000000       0x10 /usr/lib/gcc/arm-none-eabi/4.9.3/../../../arm-none-eabi/lib/armv7e-m/libg.a(lib_a-atexit.o)
 .debug_ranges  0x0000000000000010       0x10 /usr/lib/gcc/arm-none-eabi/4.9.3/../../../arm-none-eabi/lib/armv7e-m/libg.a(lib_a-exit.o)
 .debug_ranges  0x0000000000000020       0x10 /usr/lib/gcc/arm-none-eabi/4.9.3/../../../arm-none-eabi/lib/armv7e-m/libg.a(lib_a-fini.o)
 .debug_ranges  0x0000000000000030       0x10 /usr/lib/gcc/arm-none-eabi/4.9.3/../../../arm-none-eabi/lib/armv7e-m/libg.a(lib_a-init.o)
 .debug_ranges  0x0000000000000040       0x18 /usr/lib/gcc/arm-none-eabi/4.9.3/../../../arm-none-eabi/lib/armv7e-m/libg.a(lib_a-malloc.o)
 .debug_ranges  0x0000000000000058       0x50 /usr/lib/gcc/arm-none-eabi/4.9.3/../../../arm-none-eabi/lib/armv7e-m/libg.a(lib_a-mallocr.o)
 .debug_ranges  0x00000000000000a8       0x10 /usr/lib/gcc/arm-none-eabi/4.9.3/../../../arm-none-eabi/lib/armv7e-m/libg.a(lib_a-memset.o)
 .debug_ranges  0x00000000000000b8       0x18 /usr/lib/gcc/arm-none-eabi/4.9.3/../../../arm-none-eabi/lib/armv7e-m/libg.a(lib_a-mlock.o)
 .debug_ranges  0x00000000000000d0       0x10 /usr/lib/gcc/arm-none-eabi/4.9.3/../../../arm-none-eabi/lib/armv7e-m/libg.a(lib_a-sbrkr.o)
 .debug_ranges  0x00000000000000e0       0x10 /usr/lib/gcc/arm-none-eabi/4.9.3/../../../arm-none-eabi/lib/armv7e-m/libg.a(lib_a-__atexit.o)
 .debug_ranges  0x00000000000000f0       0x30 /usr/lib/gcc/arm-none-eabi/4.9.3/../../../arm-none-eabi/lib/armv7e-m/libg.a(lib_a-__call_atexit.o)
 .debug_ranges  0x0000000000000120       0x18 /usr/lib/gcc/arm-none-eabi/4.9.3/../../../arm-none-eabi/lib/armv7e-m/libg.a(lib_a-freer.o)
 .debug_ranges  0x0000000000000138       0x18 /usr/lib/gcc/arm-none-eabi/4.9.3/../../../arm-none-eabi/lib/armv7e-m/libg.a(lib_a-reent.o)
 .debug_ranges  0x0000000000000150       0x10 /usr/lib/gcc/arm-none-eabi/4.9.3/../../../arm-none-eabi/lib/armv7e-m/libnosys.a(sbrk.o)
 .debug_ranges  0x0000000000000160       0x10 /usr/lib/gcc/arm-none-eabi/4.9.3/../../../arm-none-eabi/lib/armv7e-m/libnosys.a(_exit.o)
